Turbo Assembler	 Version 4.1	    06/03/17 21:55:15	    Page 1
KOL4_1.asm



      1	0000			     .model Large, PASCAL
      2	0000			     .code
      3				     public find_max_elem_LP
      4	0000			     find_max_elem_LP proc near	massiv:dword, length_mas:word
1     5	0000  55			     PUSH    BP
1     6	0001  8B EC			     MOV     BP,SP
1     7	0003  8B 4E 04		     mov cx, length_mas
      8	0006  C4 76 06		     les si, massiv
      9	0009  8A 04		     mov al, byte ptr [es:si]
*Warning* KOL4_1.asm(7)	":" operator ignored
     10
     11	000B			     @main:
     12	000B  8A 1C		       mov bl, byte ptr[es:si]
*Warning* KOL4_1.asm(10) ":" operator ignored
     13	000D  46		       inc si
     14	000E  3A C3		       cmp al, bl
     15	0010  7F 02		       jg @m2
     16	0012  8A C3		       mov al, bl
     17	0014			     @m2:
     18	0014  E2 F5		       loop @main
1    19	0016  5D			     POP     BP
1    20	0017  C2 0006			     RET     00006h
     21	001A			     find_max_elem_LP endp
     22				     end
Turbo Assembler	 Version 4.1	    06/03/17 21:55:15	    Page 2
Symbol Table




Symbol Name		Type   Value			   Cref	(defined at #)

??DATE			Text   "06/03/17"
??FILENAME		Text   "KOL4_1	"
??TIME			Text   "21:55:15"
??VERSION		Number 040A
@32BIT			Text   0			   #1
@CODE			Text   KOL4_1_TEXT		   #1  #1  #2
@CODESIZE		Text   1			   #1
@CPU			Text   0101H
@CURSEG			Text   KOL4_1_TEXT		   #2
@DATA			Text   DGROUP			   #1
@DATASIZE		Text   1			   #1
@FILENAME		Text   KOL4_1
@INTERFACE		Text   004H			   #1
@M2			Near   KOL4_1_TEXT:0014		   15  #17
@MAIN			Near   KOL4_1_TEXT:000B		   #11	18
@MODEL			Text   5			   #1
@STACK			Text   DGROUP			   #1
@WORDSIZE		Text   2			   #2
FIND_MAX_ELEM_LP	Near   KOL4_1_TEXT:0000		   3  #4
LENGTH_MAS		Number [DGROUP:BP+0004]		   #4  7
MASSIV			Number [DGROUP:BP+0006]		   #4  8

Groups & Segments	Bit Size Align	Combine	Class	   Cref	(defined at #)

DGROUP			Group				   #1  1
  _DATA			16  0000 Word	Public	DATA	   #1
KOL4_1_TEXT		16  001A Word	Public	CODE	   #1  1  #2  2
Turbo Assembler	 Version 4.1	    06/03/17 21:55:15	    Page 3
Error Summary



*Warning* KOL4_1.asm(7)	":" operator ignored
*Warning* KOL4_1.asm(10) ":" operator ignored
