Turbo Assembler	 Version 4.1	    05/06/17 01:57:17	    Page 1
mis3.asm



      1				     public InputInt, print, equal_with_0
      2	0000			     code segment
      3				     assume cs:	code, ds:data, ss: stek
      4
      5	0000			     InputInt proc near
      6				       ;вывод в ax
      7	0000  53		       push bx
      8	0001  51		       push cx
      9	0002  52		       push dx
     10	0003  56		       push si
     11	0004  BA 0000r		       mov dx,offset strdsc
     12	0007  B4 0A		       mov ah,0Ah
     13	0009  CD 21		       int 21h
     14	000B  B2 0A		       mov dl,0Ah
     15	000D  B4 02		       mov ah,2
     16	000F  CD 21		       int 21h
     17	0011  33 C0		       xor ax,ax
     18	0013  33 C9		       xor cx,cx
     19	0015  8A 0E 0001r	       mov cl,[strdsc+1]
     20	0019  BE 0002r		       mov si,offset strbuf
     21	001C  BB 000A		       mov bx,10
     22	001F			     s1:
     23	001F  F7 E3		       mul bx
     24	0021  8A 14		       mov dl,[si]
     25	0023  46		       inc si
     26	0024  80 EA 30		       sub dl,30h
     27	0027  03 C2		       add ax,dx
     28	0029  E2 F4		       loop s1
     29	002B  5E		       pop si
     30	002C  5A		       pop dx
     31	002D  59		       pop cx
     32	002E  5B		       pop bx
     33	002F  C3		       ret
     34	0030			     InputInt  endp
     35
     36	0030			     print proc	near
     37				     ; поместить строку в dx
     38	0030  B4 09		     mov ah, 9
     39	0032  CD 21		     int 21h
     40	0034  C3		     ret
     41	0035			     print endp
     42
     43	0035			     equal_with_0 proc near
     44				     ;в ax хранится сравнения
     45	0035  8B 16 0008r	     mov dx, [tmp]
     46	0039  83 FA 00		     cmp dx, 0d
     47	003C  74 16		     je	yep
     48	003E  75 20		     jne nope
     49	0040			     equal_with_0 endp
     50
     51	0040			     start:
     52	0040  B8 0000s		       mov ax, data
     53	0043  8E D8		       mov ds, ax
     54	0045  BA 000Ar		       lea dx, vvedi
     55	0048  E8 FFE5		       call print
     56	004B  E8 FFB2		       call InputInt
     57	004E  A3 0008r		       mov [tmp], ax
Turbo Assembler	 Version 4.1	    05/06/17 01:57:17	    Page 2
mis3.asm



     58	0051  E8 FFE1		       call equal_with_0
     59	0054			     yep:
     60	0054  BA 001Ar			 lea dx, da
     61	0057  B4 09			 mov ah, 9
     62	0059  CD 21			 int 21h
     63	005B  B8 4C00			 mov ax, 4c00h
     64	005E  CD 21			 int 21h
     65	0060			     nope:
     66	0060  BA 001Fr			 lea dx, net
     67	0063  B4 09			 mov ah, 9
     68	0065  CD 21			 int 21h
     69	0067  B8 4C00			 mov ax, 4c00h
     70	006A  CD 21			 int 21h
     71
     72
     73	006C			     code ends
     74
     75	0000			     data Segment
     76	0000  06 00		       strdsc	      db 6, 0
     77	0002  06*(??)		       strbuf	      db 6 dup (?)
     78	0008  0000		       tmp	      dw (?)
     79	000A  72 61 76 6E 6F 20	6C+    vvedi	      db 'ravno	li 0?: ', 13,10,'$'
     80	      69 20 30 3F 3A 20	0D+
     81	      0A 24
     82	001A  64 61 0D 0A 24	       da	      db 'da', 13,10,'$'
     83	001F  6E 65 74 0D 0A 24	       net	      db 'net',	13,10,'$'
     84	0025  ????		     Result dw
*Warning* mis3.asm(82) Missing operand - trailing ? assumed
     85	0027			     data ends
     86
     87	0000			     stek segment stack
     88	0000  80*(????)		       dw 128 dup (?)
     89	0100			     stek ends
     90				     end Start
Turbo Assembler	 Version 4.1	    05/06/17 01:57:17	    Page 3
Symbol Table




Symbol Name		Type   Value			   Cref	(defined at #)

??DATE			Text   "05/06/17"
??FILENAME		Text   "mis3	"
??TIME			Text   "01:57:17"
??VERSION		Number 040A
@CPU			Text   0101H
@CURSEG			Text   STEK			   #2  #75  #87
@FILENAME		Text   MIS3
@WORDSIZE		Text   2			   #2  #75  #87
DA			Byte   DATA:001A		   60  #82
EQUAL_WITH_0		Near   CODE:0035		   1  #43  58
INPUTINT		Near   CODE:0000		   1  #5  56
NET			Byte   DATA:001F		   66  #83
NOPE			Near   CODE:0060		   48  #65
PRINT			Near   CODE:0030		   1  #36  55
RESULT			Word   DATA:0025		   #84
S1			Near   CODE:001F		   #22	28
START			Near   CODE:0040		   #51	90
STRBUF			Byte   DATA:0002		   20  #77
STRDSC			Byte   DATA:0000		   11  19  #76
TMP			Word   DATA:0008		   45  57  #78
VVEDI			Byte   DATA:000A		   54  #79
YEP			Near   CODE:0054		   47  #59

Groups & Segments	Bit Size Align	Combine	Class	   Cref	(defined at #)

CODE			16  006C Para	none		   #2  3
DATA			16  0027 Para	none		   3  52  #75
STEK			16  0100 Para	Stack		   3  #87
Turbo Assembler	 Version 4.1	    05/06/17 01:57:17	    Page 4
Error Summary



*Warning* mis3.asm(82) Missing operand - trailing ? assumed
