Turbo Assembler	 Version 4.1	    05/26/17 23:06:12	    Page 1
mism3v2.asm



      1				     public equal_with_0
      2	0000			     code segment public
      3				     assume cs:	code
      4	0000			     equal_with_0 proc near
      5				       ;результат возвращается в dx
      6				       ;портит cx, si, dx
      7	0000  33 C0		       xor ax, ax
      8	0002  55		       push bp
      9	0003  8B EC		       mov bp, sp
     10	0005  8B 76 04		       mov si, [bp + 4]
     11	0008  8B 04		       mov ax, [si]
     12
     13	000A  3D 0000		       cmp ax, 0
     14	000D  74 06		       je ye
     15	000F  BA 0005r		       lea dx, net
     16	0012  EB 04 90		       jmp next
     17	0015			     ye:
     18	0015  BA 0000r		       lea dx, da
     19	0018			     next:
     20	0018  5D		       pop bp
     21	0019  C2 0004		       ret 4
     22	001C			     endp equal_with_0
     23	001C			     code ends
     24
     25	0000			     data Segment public
     26	0000  64 61 0D 0A 24	     da		    db 'da', 13,10,'$'
     27	0005  6E 65 74 0D 0A 24	     net	    db 'net', 13,10,'$'
     28	000B			     data ends
     29				     end
Turbo Assembler	 Version 4.1	    05/26/17 23:06:12	    Page 2
Symbol Table




Symbol Name		Type   Value			   Cref	(defined at #)

??DATE			Text   "05/26/17"
??FILENAME		Text   "mism3v2	"
??TIME			Text   "23:06:12"
??VERSION		Number 040A
@CPU			Text   0101H
@CURSEG			Text   DATA			   #2  #25
@FILENAME		Text   MISM3V2
@WORDSIZE		Text   2			   #2  #25
DA			Byte   DATA:0000		   18  #26
EQUAL_WITH_0		Near   CODE:0000		   1  #4
NET			Byte   DATA:0005		   15  #27
NEXT			Near   CODE:0018		   16  #19
YE			Near   CODE:0015		   14  #17

Groups & Segments	Bit Size Align	Combine	Class	   Cref	(defined at #)

CODE			16  001C Para	Public		   #2  3
DATA			16  000B Para	Public		   #25
