Turbo Assembler	 Version 4.1	    05/30/17 23:50:04	    Page 1
MODULE.ASM



      1				     public min
      2	0000			     code segment
      3				     assume cs:	code
      4	0000			     min proc near
      5				       ;результат возвращается в dx
      6				       ;портит cx, si, dx
      7	0000  33 D2		       xor dx, dx
      8	0002  55		       push bp
      9	0003  8B EC		       mov bp, sp
     10	0005  8B 76 04		       mov si, [bp + 4]
     11	0008  8B 04		       mov ax, [si]
     12	000A  8B 76 06		       mov si, [bp + 6]
     13	000D  8B 0C		       mov cx, [si]
     14
     15	000F  3B C1		       cmp ax, cx
     16	0011  7F 06		       jg bg2
     17	0013  BA 0023r		       mov dx, offset min2
     18	0016  EB 04 90		       jmp min_end
     19	0019			       bg2:
     20	0019  BA 0000r			   mov dx, offset min1
     21
     22	001C			       min_end:
     23	001C  5D		       pop bp
     24	001D  C2 0004		       ret 4
     25	0020			     endp min
     26	0020			     code ends
     27
     28	0000			     data Segment public
     29	0000  54 68 65 20 66 69	72+  min1	db 'The	first number bigger then two', 13,10,'$'
     30	      73 74 20 6E 75 6D	62+
     31	      65 72 20 62 69 67	67+
     32	      65 72 20 74 68 65	6E+
     33	      20 74 77 6F 0D 0A	24
     34	0023  54 68 65 20 73 65	63+  min2	db 'The	second number bigger then one',	13,10,'$'
     35	      6F 6E 64 20 6E 75	6D+
     36	      62 65 72 20 62 69	67+
     37	      67 65 72 20 74 68	65+
     38	      6E 20 6F 6E 65 0D	0A+
     39	      24
     40	0047			     data ends
     41				     end
Turbo Assembler	 Version 4.1	    05/30/17 23:50:04	    Page 2
Symbol Table




Symbol Name		Type   Value			   Cref	(defined at #)

??DATE			Text   "05/30/17"
??FILENAME		Text   "MODULE	"
??TIME			Text   "23:50:04"
??VERSION		Number 040A
@CPU			Text   0101H
@CURSEG			Text   DATA			   #2  #28
@FILENAME		Text   MODULE
@WORDSIZE		Text   2			   #2  #28
BG2			Near   CODE:0019		   16  #19
MIN			Near   CODE:0000		   1  #4
MIN1			Byte   DATA:0000		   20  #29
MIN2			Byte   DATA:0023		   17  #34
MIN_END			Near   CODE:001C		   18  #22

Groups & Segments	Bit Size Align	Combine	Class	   Cref	(defined at #)

CODE			16  0020 Para	none		   #2  3
DATA			16  0047 Para	Public		   #28
