Turbo Assembler	 Version 4.1	    05/12/17 02:06:51	    Page 1
NORIK3.asm



      1				     public InputInt, OutputMsg, min
      2	0000			     code segment
      3				     assume cs:	code, ds:data, ss: stek
      4
      5	0000			     InputInt proc near
      6				       ;вывод в ax
      7	0000  53		       push bx
      8	0001  51		       push cx
      9	0002  52		       push dx
     10	0003  56		       push si
     11	0004  BA 0010r		       mov dx,offset strdsc
     12	0007  B4 0A		       mov ah,0Ah
     13	0009  CD 21		       int 21h
     14	000B  B2 0A		       mov dl,0Ah
     15	000D  B4 02		       mov ah,2
     16	000F  CD 21		       int 21h
     17	0011  33 C0		       xor ax,ax
     18	0013  33 C9		       xor cx,cx
     19	0015  8A 0E 0011r	       mov cl,[strdsc+1]
     20	0019  BE 0012r		       mov si,offset strbuf
     21	001C  BB 000A		       mov bx,10
     22	001F			     s1:
     23	001F  F7 E3		       mul bx
     24	0021  8A 14		       mov dl,[si]
     25	0023  46		       inc si
     26	0024  80 EA 30		       sub dl,30h
     27	0027  03 C2		       add ax,dx
     28	0029  E2 F4		       loop s1
     29	002B  5E		       pop si
     30	002C  5A		       pop dx
     31	002D  59		       pop cx
     32	002E  5B		       pop bx
     33	002F  C3		       ret
     34	0030			     InputInt  endp
     35
     36	0030			     OutputMsg proc near
     37				     ; поместить строку в dx
     38	0030  B4 09		     mov ah, 9
     39	0032  CD 21		     int 21h
     40	0034  C3		     ret
     41	0035			     OutputMsg endp
     42
     43	0035			     min proc near
     44	0035  5B		     pop bx
     45	0036  58		     pop ax
     46	0037  59		     pop cx
     47	0038  2B C1		     sub ax, cx
     48	003A  79 2B		     jns bg2
     49	003C  78 1D		     js	bg1
     50	003E  C3		     ret
     51	003F			     min  endp
     52
     53	003F			     start:
     54	003F  B8 0000s		       mov ax, data
     55	0042  8E D8		       mov ds, ax
     56	0044  BA 0018r		       mov dx, offset opt
     57	0047  E8 FFE6		       call OutputMsg
Turbo Assembler	 Version 4.1	    05/12/17 02:06:51	    Page 2
NORIK3.asm



     58	004A  E8 FFB3		       call InputInt
     59
     60	004D  50		       push ax
     61				       ; mov cx, ax
     62	004E  BA 0018r		       mov dx, offset opt
     63	0051  E8 FFDC		       call OutputMsg
     64	0054  E8 FFA9		       call InputInt
     65	0057  50		       push ax
     66	0058  E8 FFDA		       call min
     67
     68
     69	005B			     bg1:
     70	005B  BA 0028r			 mov dx, offset	min1
     71	005E  B4 09			 mov ah, 9
     72	0060  CD 21			 int 21h
     73	0062  B8 4C00			 mov ax, 4c00h
     74	0065  CD 21			 int 21h
     75	0067			     bg2:
     76	0067  BA 0032r			 mov dx, offset	min2
     77	006A  B4 09			 mov ah, 9
     78	006C  CD 21			 int 21h
     79	006E  B8 4C00			 mov ax, 4c00h
     80	0071  CD 21			 int 21h
     81	0073			     code ends
     82
     83	0000			     data Segment
     84	0000  ????????????????	       str_number dq
*Warning* NORIK3.asm(84) Missing operand - trailing ? assumed
     85	0008  0064		       x	  dw 100d
     86	000A  006E		       y	  dw 110d
     87	000C  000000E6		       z	  dd 230d
     88	0010  06 00		       strdsc	  db 6,	0
     89	0012  06*(??)		       strbuf	  db 6 dup (?)
     90	0018  56 56 4F 44 20 43	48+    opt	 db 'VVOD CHISLA: ', 13,10,'$'
     91	      49 53 4C 41 3A 20	0D+
     92	      0A 24
     93	0028  4D 49 4E 20 2D 20	31+    min1	  db 'MIN - 1',	13,10,'$'
     94	      0D 0A 24
     95	0032  4D 49 4E 20 2D 20	32+    min2	  db 'MIN - 2',	13,10,'$'
     96	      0D 0A 24
     97	003C  ????		     Result dw
*Warning* NORIK3.asm(93) Missing operand - trailing ? assumed
     98	003E			     data ends
     99
    100	0000			     stek segment stack
    101	0000  80*(????)		       dw 128 dup (?)
    102	0100			     stek ends
    103				     end Start
Turbo Assembler	 Version 4.1	    05/12/17 02:06:51	    Page 3
Symbol Table




Symbol Name		Type   Value			   Cref	(defined at #)

??DATE			Text   "05/12/17"
??FILENAME		Text   "NORIK3	"
??TIME			Text   "02:06:51"
??VERSION		Number 040A
@CPU			Text   0101H
@CURSEG			Text   STEK			   #2  #83  #100
@FILENAME		Text   NORIK3
@WORDSIZE		Text   2			   #2  #83  #100
BG1			Near   CODE:005B		   49  #69
BG2			Near   CODE:0067		   48  #75
INPUTINT		Near   CODE:0000		   1  #5  58  64
MIN			Near   CODE:0035		   1  #43  66
MIN1			Byte   DATA:0028		   70  #93
MIN2			Byte   DATA:0032		   76  #95
OPT			Byte   DATA:0018		   56  62  #90
OUTPUTMSG		Near   CODE:0030		   1  #36  57  63
RESULT			Word   DATA:003C		   #97
S1			Near   CODE:001F		   #22	28
START			Near   CODE:003F		   #53	103
STRBUF			Byte   DATA:0012		   20  #89
STRDSC			Byte   DATA:0010		   11  19  #88
STR_NUMBER		Qword  DATA:0000		   #84
X			Word   DATA:0008		   #85
Y			Word   DATA:000A		   #86
Z			Dword  DATA:000C		   #87

Groups & Segments	Bit Size Align	Combine	Class	   Cref	(defined at #)

CODE			16  0073 Para	none		   #2  3
DATA			16  003E Para	none		   3  54  #83
STEK			16  0100 Para	Stack		   3  #100
Turbo Assembler	 Version 4.1	    05/12/17 02:06:51	    Page 4
Error Summary



*Warning* NORIK3.asm(84) Missing operand - trailing ? assumed
*Warning* NORIK3.asm(93) Missing operand - trailing ? assumed
